---
source: crates/engine/src/parser/oracle_ir/snapshot_tests.rs
expression: "&lowered"
---
{
  "abilities": [
    {
      "kind": "Spell",
      "effect": {
        "type": "Unimplemented",
        "name": "static_structure",
        "description": "Static pattern matched but line failed static parser: Players can't search libraries. Any player may pay {2} for that player to ignore this effect until end of turn."
      },
      "cost": null,
      "sub_ability": null,
      "duration": null,
      "description": "Players can't search libraries. Any player may pay {2} for that player to ignore this effect until end of turn.",
      "target_prompt": null,
      "sorcery_speed": false,
      "condition": null,
      "optional_targeting": false,
      "optional": false,
      "forward_result": false
    }
  ],
  "triggers": [],
  "statics": [],
  "replacements": [],
  "extractedKeywords": []
}
