---
source: crates/engine/src/parser/oracle_ir/snapshot_tests.rs
assertion_line: 101
expression: "&lowered"
---
{
  "abilities": [
    {
      "kind": "BeginGame",
      "effect": {
        "type": "ChangeZone",
        "origin": "Hand",
        "destination": "Battlefield",
        "target": {
          "type": "SelfRef"
        },
        "owner_library": false,
        "enter_transformed": false,
        "under_your_control": false,
        "enter_tapped": false,
        "enters_attacking": false
      },
      "cost": null,
      "sub_ability": null,
      "duration": null,
      "description": "If this card is in your opening hand, you may begin the game with it on the battlefield.",
      "target_prompt": null,
      "sorcery_speed": false,
      "condition": null,
      "optional_targeting": false,
      "optional": true,
      "forward_result": false
    }
  ],
  "triggers": [],
  "statics": [
    {
      "mode": "CastWithFlash",
      "affected": null,
      "modifications": [],
      "condition": null,
      "affected_zone": null,
      "effect_zone": null,
      "active_zones": [
        "Battlefield"
      ],
      "characteristic_defining": false,
      "description": "You may cast spells as though they had flash."
    }
  ],
  "replacements": [],
  "extractedKeywords": []
}
